Перешел в директорию: /home/ocean/Desktop/backend dev/detector
Найдена директория build. Удаляю...
Директория build удалена.
Перешел в директорию: /home/ocean/Desktop/backend dev/detector
Найдена директория build. Удаляю...
Директория build удалена.
Перешел в директорию: /home/ocean/Desktop/backend dev/detector
Найдена директория build. Удаляю...
Директория build удалена.
Перешел в директорию: /home/ocean/Desktop/backend dev/detector
Найдена директория build. Удаляю...
Директория build удалена.
Перешел в директорию: /home/ocean/Desktop/backend dev/detector
Найдена директория build. Удаляю...
Директория build удалена.
Перешел в директорию: /home/ocean/Desktop/backend dev/detector
Найдена директория build. Удаляю...
Директория build удалена.
Перешел в директорию: /home/ocean/Desktop/backend dev/detector
Найдена директория build. Удаляю...
Директория build удалена.
Перешел в директорию: /home/ocean/Desktop/smart-u-backend/detector
Найдена директория build. Удаляю...
Директория build удалена.
Перешел в директорию: /home/ocean/Desktop/smart-u-backend/detector
Директория build не найдена. Нечего удалять.
Перешел в директорию: /home/ocean/Desktop/smart-u-backend/detector
Найдена директория build. Удаляю...
Директория build удалена.
